// Jest Snapshot v1, https://goo.gl/fbAQLP

exports[`Should render Slider component 1`] = `
<div
  className="slider-wrapper"
>
  
  <section
    className="slider"
    onClickCapture={[Function]}
    onMouseOut={[Function]}
    onMouseOver={[Function]}
    style={
      Object {
        "height": 600,
        "maxWidth": 1024,
        "width": "100%",
      }
    }
  >
    <div
      className="slides"
      onAnimationEnd={[Function]}
      onMouseDown={[Function]}
      onMouseMove={[Function]}
      onMouseUp={[Function]}
      onTouchEnd={[Function]}
      onTouchMove={[Function]}
      onTouchStart={[Function]}
      style={
        Object {
          "animationDuration": "350ms",
          "animationName": "",
          "animationTimingFunction": "ease",
          "left": "-100%",
        }
      }
    >
      <div
        className="slide
                    
                    "
        style={
          Object {
            "backgroundImage": "url()",
            "minWidth": "50%",
          }
        }
      >
        <h2>
          slide 1
        </h2>
      </div>
      <div
        className="slide
                    
                    "
        style={
          Object {
            "backgroundImage": "url()",
            "minWidth": "50%",
          }
        }
      >
        <h2>
          slide 1
        </h2>
      </div>
      <div
        className="slide
                    slide-1
                    "
        style={
          Object {
            "backgroundImage": "url()",
            "minWidth": "50%",
          }
        }
      >
        <h2>
          slide 1
        </h2>
      </div>
    </div>
    
    
  </section>
</div>
`;
