// Jest Snapshot v1, https://goo.gl/fbAQLP

exports[`Should render VideoPlayer component 1`] = `
<video
  autoPlay={true}
  height="175"
  src="https://url.com/preview/video.mp4"
  width="100%"
/>
`;
